'foo bar' 'contains"quote' 'contains'\''singlequot' 'contains;semicolon'
