{"a": 2, "b": [2, 3, 10, 11], "c": {"c1": 1, "c2": 22, "c3": [3, 4, 5, 6], "c4": {"c4a": "a", "c4b": "b", "c4c": "c"}, "c5": 5}}
