over=rides
zoo=zebra
foo=bar
camel=BAR
tooth=taath
tooth=faa
  bum: a
  bum: b
  bum: c

