--files-from=bazel/utils/testdata/remote/only-copy.files_to_copy --delete -avrz --progress --copy-unsafe-links .. non-existant-machine-1.corp:~/__bazel_utils_testdata_remote_hello-world/
--files-from=bazel/utils/testdata/remote/only-copy.files_to_copy --delete -avrz --progress --copy-unsafe-links .. non-existant-machine-2.corp:~/__bazel_utils_testdata_remote_hello-world/
