non-existant-machine-1.corp -- cd ~/__bazel_utils_hello-world/enkit; /bin/bash -c "MACHINES='non-existant-machine-1.corp non-existant-machine-2.corp' ./bazel/utils/hello-world "
