enkit/bazel/utils/testdata/remote/hello-world
enkit/bazel/utils/testdata/remote/quote00.txt
enkit/bazel/utils/testdata/remote/quote01.txt
enkit/tools/codegen/tests/gen-test.actual
enkit/../com_google_absl/AUTHORS
enkit/_solib_k8/libexternal_Scom_Ugoogle_Ugoogletest_Slibgtest.so