non-existant-machine-1.corp -- cd ~/__bazel_utils_hello-world/enkit; MACHINES='non-existant-machine-1.corp' ./bazel/utils/hello-world 
