--files-from=bazel/utils/testdata/remote/with-wrapper.files_to_copy --delete -avrz --progress --copy-unsafe-links .. non-existant-machine-1.corp:hw-dev-$USER/home/$USER/__bazel_utils_testdata_remote_hello-world/
--files-from=bazel/utils/testdata/remote/with-wrapper.files_to_copy --delete -avrz --progress --copy-unsafe-links .. non-existant-machine-2.corp:hw-dev-$USER/home/$USER/__bazel_utils_testdata_remote_hello-world/
