non-existant-machine-1.corp -- cd hw-dev-$USER/home/$USER/__bazel_utils_hello-world/enkit; /bin/bash -c "MACHINES='non-existant-machine-1.corp non-existant-machine-2.corp:my-specific-dir/test/' ./bazel/utils/hello-world --target_opt1=foo"
