enkit/bazel/utils/wrapper
enkit/bazel/utils/testdata/remote/save-argv.sh
enkit/bazel/utils/testdata/remote/quote02.txt