--files-from=bazel/utils/with-all-inputs.files_to_copy --delete -avrz --progress --copy-unsafe-links .. non-existant-machine-1.corp:~/__bazel_utils_hello-world/
