enkit/../local_config_cc/builtin_include_directory_paths
enkit/../bazel_tools/tools/def_parser/no_op.bat
enkit/bazel/utils/testdata/remote/quote00.txt
enkit/bazel/utils/quote01.txt
enkit/tools/codegen/tests/gen-test.actual
enkit/../com_google_absl/AUTHORS
enkit/../com_google_googletest/libgtest.a
enkit/../com_google_googletest/libgtest.so
enkit/tools/codegen/codegen.py
enkit/tools/codegen/codegen
enkit/../bazel_tools/src/tools/launcher/launcher
enkit/../bazel_tools/tools/cpp/grep-includes.sh
enkit/../bazel_tools/src/tools/launcher/dummy.cc
enkit/../bazel_tools/tools/zip/zipper/zipper
enkit/tools/codegen/data_loader.py
enkit/../enkit_pip_deps_absl_py/site-packages/__init__.py
enkit/../enkit_pip_deps_absl_py/site-packages/absl/__init__.py
enkit/../enkit_pip_deps_absl_py/site-packages/absl/app.py
enkit/../enkit_pip_deps_absl_py/site-packages/absl/command_name.py
enkit/../enkit_pip_deps_absl_py/site-packages/absl/flags/__init__.py
enkit/../enkit_pip_deps_absl_py/site-packages/absl/flags/_argument_parser.py
enkit/../enkit_pip_deps_absl_py/site-packages/absl/flags/_defines.py
enkit/../enkit_pip_deps_absl_py/site-packages/absl/flags/_exceptions.py
enkit/../enkit_pip_deps_absl_py/site-packages/absl/flags/_flag.py
enkit/../enkit_pip_deps_absl_py/site-packages/absl/flags/_flagvalues.py
enkit/../enkit_pip_deps_absl_py/site-packages/absl/flags/_helpers.py
enkit/../enkit_pip_deps_absl_py/site-packages/absl/flags/_validators.py
enkit/../enkit_pip_deps_absl_py/site-packages/absl/flags/_validators_classes.py
enkit/../enkit_pip_deps_absl_py/site-packages/absl/flags/argparse_flags.py
enkit/../enkit_pip_deps_absl_py/site-packages/absl/logging/__init__.py
enkit/../enkit_pip_deps_absl_py/site-packages/absl/logging/converter.py
enkit/../enkit_pip_deps_absl_py/site-packages/absl/testing/__init__.py
enkit/../enkit_pip_deps_absl_py/site-packages/absl/testing/_bazelize_command.py
enkit/../enkit_pip_deps_absl_py/site-packages/absl/testing/_pretty_print_reporter.py
enkit/../enkit_pip_deps_absl_py/site-packages/absl/testing/absltest.py
enkit/../enkit_pip_deps_absl_py/site-packages/absl/testing/flagsaver.py
enkit/../enkit_pip_deps_absl_py/site-packages/absl/testing/parameterized.py
enkit/../enkit_pip_deps_absl_py/site-packages/absl/testing/xml_reporter.py
enkit/../enkit_pip_deps_jinja2/site-packages/__init__.py
enkit/../enkit_pip_deps_jinja2/site-packages/jinja2/__init__.py
enkit/../enkit_pip_deps_jinja2/site-packages/jinja2/_identifier.py
enkit/../enkit_pip_deps_jinja2/site-packages/jinja2/async_utils.py
enkit/../enkit_pip_deps_jinja2/site-packages/jinja2/bccache.py
enkit/../enkit_pip_deps_jinja2/site-packages/jinja2/compiler.py
enkit/../enkit_pip_deps_jinja2/site-packages/jinja2/constants.py
enkit/../enkit_pip_deps_jinja2/site-packages/jinja2/debug.py
enkit/../enkit_pip_deps_jinja2/site-packages/jinja2/defaults.py
enkit/../enkit_pip_deps_jinja2/site-packages/jinja2/environment.py
enkit/../enkit_pip_deps_jinja2/site-packages/jinja2/exceptions.py
enkit/../enkit_pip_deps_jinja2/site-packages/jinja2/ext.py
enkit/../enkit_pip_deps_jinja2/site-packages/jinja2/filters.py
enkit/../enkit_pip_deps_jinja2/site-packages/jinja2/idtracking.py
enkit/../enkit_pip_deps_jinja2/site-packages/jinja2/lexer.py
enkit/../enkit_pip_deps_jinja2/site-packages/jinja2/loaders.py
enkit/../enkit_pip_deps_jinja2/site-packages/jinja2/meta.py
enkit/../enkit_pip_deps_jinja2/site-packages/jinja2/nativetypes.py
enkit/../enkit_pip_deps_jinja2/site-packages/jinja2/nodes.py
enkit/../enkit_pip_deps_jinja2/site-packages/jinja2/optimizer.py
enkit/../enkit_pip_deps_jinja2/site-packages/jinja2/parser.py
enkit/../enkit_pip_deps_jinja2/site-packages/jinja2/runtime.py
enkit/../enkit_pip_deps_jinja2/site-packages/jinja2/sandbox.py
enkit/../enkit_pip_deps_jinja2/site-packages/jinja2/tests.py
enkit/../enkit_pip_deps_jinja2/site-packages/jinja2/utils.py
enkit/../enkit_pip_deps_jinja2/site-packages/jinja2/visitor.py
enkit/../enkit_pip_deps_jinja2_strcase/site-packages/__init__.py
enkit/../enkit_pip_deps_jinja2_strcase/site-packages/jinja2_strcase/__init__.py
enkit/../enkit_pip_deps_jinja2_strcase/site-packages/jinja2_strcase/jinja2_strcase.py
enkit/../enkit_pip_deps_jsonschema/site-packages/__init__.py
enkit/../enkit_pip_deps_jsonschema/site-packages/jsonschema/__init__.py
enkit/../enkit_pip_deps_jsonschema/site-packages/jsonschema/__main__.py
enkit/../enkit_pip_deps_jsonschema/site-packages/jsonschema/_format.py
enkit/../enkit_pip_deps_jsonschema/site-packages/jsonschema/_legacy_validators.py
enkit/../enkit_pip_deps_jsonschema/site-packages/jsonschema/_reflect.py
enkit/../enkit_pip_deps_jsonschema/site-packages/jsonschema/_types.py
enkit/../enkit_pip_deps_jsonschema/site-packages/jsonschema/_utils.py
enkit/../enkit_pip_deps_jsonschema/site-packages/jsonschema/_validators.py
enkit/../enkit_pip_deps_jsonschema/site-packages/jsonschema/benchmarks/__init__.py
enkit/../enkit_pip_deps_jsonschema/site-packages/jsonschema/benchmarks/issue232.py
enkit/../enkit_pip_deps_jsonschema/site-packages/jsonschema/benchmarks/json_schema_test_suite.py
enkit/../enkit_pip_deps_jsonschema/site-packages/jsonschema/cli.py
enkit/../enkit_pip_deps_jsonschema/site-packages/jsonschema/exceptions.py
enkit/../enkit_pip_deps_jsonschema/site-packages/jsonschema/protocols.py
enkit/../enkit_pip_deps_jsonschema/site-packages/jsonschema/tests/__init__.py
enkit/../enkit_pip_deps_jsonschema/site-packages/jsonschema/tests/_helpers.py
enkit/../enkit_pip_deps_jsonschema/site-packages/jsonschema/tests/_suite.py
enkit/../enkit_pip_deps_jsonschema/site-packages/jsonschema/tests/fuzz_validate.py
enkit/../enkit_pip_deps_jsonschema/site-packages/jsonschema/tests/test_cli.py
enkit/../enkit_pip_deps_jsonschema/site-packages/jsonschema/tests/test_deprecations.py
enkit/../enkit_pip_deps_jsonschema/site-packages/jsonschema/tests/test_exceptions.py
enkit/../enkit_pip_deps_jsonschema/site-packages/jsonschema/tests/test_format.py
enkit/../enkit_pip_deps_jsonschema/site-packages/jsonschema/tests/test_jsonschema_test_suite.py
enkit/../enkit_pip_deps_jsonschema/site-packages/jsonschema/tests/test_types.py
enkit/../enkit_pip_deps_jsonschema/site-packages/jsonschema/tests/test_utils.py
enkit/../enkit_pip_deps_jsonschema/site-packages/jsonschema/tests/test_validators.py
enkit/../enkit_pip_deps_jsonschema/site-packages/jsonschema/validators.py
enkit/../enkit_pip_deps_markupsafe/site-packages/__init__.py
enkit/../enkit_pip_deps_markupsafe/site-packages/markupsafe/__init__.py
enkit/../enkit_pip_deps_markupsafe/site-packages/markupsafe/_native.py
enkit/../enkit_pip_deps_pyyaml/site-packages/__init__.py
enkit/../enkit_pip_deps_pyyaml/site-packages/_yaml/__init__.py
enkit/../enkit_pip_deps_pyyaml/site-packages/yaml/__init__.py
enkit/../enkit_pip_deps_pyyaml/site-packages/yaml/composer.py
enkit/../enkit_pip_deps_pyyaml/site-packages/yaml/constructor.py
enkit/../enkit_pip_deps_pyyaml/site-packages/yaml/cyaml.py
enkit/../enkit_pip_deps_pyyaml/site-packages/yaml/dumper.py
enkit/../enkit_pip_deps_pyyaml/site-packages/yaml/emitter.py
enkit/../enkit_pip_deps_pyyaml/site-packages/yaml/error.py
enkit/../enkit_pip_deps_pyyaml/site-packages/yaml/events.py
enkit/../enkit_pip_deps_pyyaml/site-packages/yaml/loader.py
enkit/../enkit_pip_deps_pyyaml/site-packages/yaml/nodes.py
enkit/../enkit_pip_deps_pyyaml/site-packages/yaml/parser.py
enkit/../enkit_pip_deps_pyyaml/site-packages/yaml/reader.py
enkit/../enkit_pip_deps_pyyaml/site-packages/yaml/representer.py
enkit/../enkit_pip_deps_pyyaml/site-packages/yaml/resolver.py
enkit/../enkit_pip_deps_pyyaml/site-packages/yaml/scanner.py
enkit/../enkit_pip_deps_pyyaml/site-packages/yaml/serializer.py
enkit/../enkit_pip_deps_pyyaml/site-packages/yaml/tokens.py
enkit/../enkit_pip_deps_absl_py/site-packages/absl_py-1.4.0.dist-info/AUTHORS
enkit/../enkit_pip_deps_absl_py/site-packages/absl_py-1.4.0.dist-info/INSTALLER
enkit/../enkit_pip_deps_absl_py/site-packages/absl_py-1.4.0.dist-info/LICENSE
enkit/../enkit_pip_deps_absl_py/site-packages/absl_py-1.4.0.dist-info/METADATA
enkit/../enkit_pip_deps_absl_py/site-packages/absl_py-1.4.0.dist-info/WHEEL
enkit/../enkit_pip_deps_absl_py/site-packages/absl_py-1.4.0.dist-info/top_level.txt
enkit/../enkit_pip_deps_pyyaml/site-packages/PyYAML-6.0.dist-info/INSTALLER
enkit/../enkit_pip_deps_pyyaml/site-packages/PyYAML-6.0.dist-info/LICENSE
enkit/../enkit_pip_deps_pyyaml/site-packages/PyYAML-6.0.dist-info/METADATA
enkit/../enkit_pip_deps_pyyaml/site-packages/PyYAML-6.0.dist-info/WHEEL
enkit/../enkit_pip_deps_pyyaml/site-packages/PyYAML-6.0.dist-info/top_level.txt
enkit/../enkit_pip_deps_pyyaml/site-packages/yaml/_yaml.cpython-38-x86_64-linux-gnu.so
enkit/../enkit_pip_deps_jsonschema/site-packages/jsonschema-4.4.0.dist-info/COPYING
enkit/../enkit_pip_deps_jsonschema/site-packages/jsonschema-4.4.0.dist-info/INSTALLER
enkit/../enkit_pip_deps_jsonschema/site-packages/jsonschema-4.4.0.dist-info/METADATA
enkit/../enkit_pip_deps_jsonschema/site-packages/jsonschema-4.4.0.dist-info/WHEEL
enkit/../enkit_pip_deps_jsonschema/site-packages/jsonschema-4.4.0.dist-info/entry_points.txt
enkit/../enkit_pip_deps_jsonschema/site-packages/jsonschema-4.4.0.dist-info/top_level.txt
enkit/../enkit_pip_deps_jsonschema/site-packages/jsonschema/schemas/draft2019-09.json
enkit/../enkit_pip_deps_jsonschema/site-packages/jsonschema/schemas/draft2020-12.json
enkit/../enkit_pip_deps_jsonschema/site-packages/jsonschema/schemas/draft3.json
enkit/../enkit_pip_deps_jsonschema/site-packages/jsonschema/schemas/draft4.json
enkit/../enkit_pip_deps_jsonschema/site-packages/jsonschema/schemas/draft6.json
enkit/../enkit_pip_deps_jsonschema/site-packages/jsonschema/schemas/draft7.json
enkit/../enkit_pip_deps_jsonschema/site-packages/jsonschema/schemas/vocabularies.json
enkit/../enkit_pip_deps_attrs/site-packages/__init__.py
enkit/../enkit_pip_deps_attrs/site-packages/attr/__init__.py
enkit/../enkit_pip_deps_attrs/site-packages/attr/_cmp.py
enkit/../enkit_pip_deps_attrs/site-packages/attr/_compat.py
enkit/../enkit_pip_deps_attrs/site-packages/attr/_config.py
enkit/../enkit_pip_deps_attrs/site-packages/attr/_funcs.py
enkit/../enkit_pip_deps_attrs/site-packages/attr/_make.py
enkit/../enkit_pip_deps_attrs/site-packages/attr/_next_gen.py
enkit/../enkit_pip_deps_attrs/site-packages/attr/_version_info.py
enkit/../enkit_pip_deps_attrs/site-packages/attr/converters.py
enkit/../enkit_pip_deps_attrs/site-packages/attr/exceptions.py
enkit/../enkit_pip_deps_attrs/site-packages/attr/filters.py
enkit/../enkit_pip_deps_attrs/site-packages/attr/setters.py
enkit/../enkit_pip_deps_attrs/site-packages/attr/validators.py
enkit/../enkit_pip_deps_attrs/site-packages/attrs/__init__.py
enkit/../enkit_pip_deps_attrs/site-packages/attrs/converters.py
enkit/../enkit_pip_deps_attrs/site-packages/attrs/exceptions.py
enkit/../enkit_pip_deps_attrs/site-packages/attrs/filters.py
enkit/../enkit_pip_deps_attrs/site-packages/attrs/setters.py
enkit/../enkit_pip_deps_attrs/site-packages/attrs/validators.py
enkit/../enkit_pip_deps_importlib_resources/site-packages/__init__.py
enkit/../enkit_pip_deps_importlib_resources/site-packages/importlib_resources/__init__.py
enkit/../enkit_pip_deps_importlib_resources/site-packages/importlib_resources/_adapters.py
enkit/../enkit_pip_deps_importlib_resources/site-packages/importlib_resources/_common.py
enkit/../enkit_pip_deps_importlib_resources/site-packages/importlib_resources/_compat.py
enkit/../enkit_pip_deps_importlib_resources/site-packages/importlib_resources/_itertools.py
enkit/../enkit_pip_deps_importlib_resources/site-packages/importlib_resources/_legacy.py
enkit/../enkit_pip_deps_importlib_resources/site-packages/importlib_resources/abc.py
enkit/../enkit_pip_deps_importlib_resources/site-packages/importlib_resources/readers.py
enkit/../enkit_pip_deps_importlib_resources/site-packages/importlib_resources/simple.py
enkit/../enkit_pip_deps_importlib_resources/site-packages/importlib_resources/tests/__init__.py
enkit/../enkit_pip_deps_importlib_resources/site-packages/importlib_resources/tests/_compat.py
enkit/../enkit_pip_deps_importlib_resources/site-packages/importlib_resources/tests/data01/__init__.py
enkit/../enkit_pip_deps_importlib_resources/site-packages/importlib_resources/tests/data01/subdirectory/__init__.py
enkit/../enkit_pip_deps_importlib_resources/site-packages/importlib_resources/tests/data02/__init__.py
enkit/../enkit_pip_deps_importlib_resources/site-packages/importlib_resources/tests/data02/one/__init__.py
enkit/../enkit_pip_deps_importlib_resources/site-packages/importlib_resources/tests/data02/two/__init__.py
enkit/../enkit_pip_deps_importlib_resources/site-packages/importlib_resources/tests/test_compatibilty_files.py
enkit/../enkit_pip_deps_importlib_resources/site-packages/importlib_resources/tests/test_contents.py
enkit/../enkit_pip_deps_importlib_resources/site-packages/importlib_resources/tests/test_files.py
enkit/../enkit_pip_deps_importlib_resources/site-packages/importlib_resources/tests/test_open.py
enkit/../enkit_pip_deps_importlib_resources/site-packages/importlib_resources/tests/test_path.py
enkit/../enkit_pip_deps_importlib_resources/site-packages/importlib_resources/tests/test_read.py
enkit/../enkit_pip_deps_importlib_resources/site-packages/importlib_resources/tests/test_reader.py
enkit/../enkit_pip_deps_importlib_resources/site-packages/importlib_resources/tests/test_resource.py
enkit/../enkit_pip_deps_importlib_resources/site-packages/importlib_resources/tests/update-zips.py
enkit/../enkit_pip_deps_importlib_resources/site-packages/importlib_resources/tests/util.py
enkit/../enkit_pip_deps_importlib_resources/site-packages/importlib_resources/tests/zipdata01/__init__.py
enkit/../enkit_pip_deps_importlib_resources/site-packages/importlib_resources/tests/zipdata02/__init__.py
enkit/../enkit_pip_deps_pyrsistent/site-packages/__init__.py
enkit/../enkit_pip_deps_pyrsistent/site-packages/_pyrsistent_version.py
enkit/../enkit_pip_deps_pyrsistent/site-packages/pyrsistent/__init__.py
enkit/../enkit_pip_deps_pyrsistent/site-packages/pyrsistent/_checked_types.py
enkit/../enkit_pip_deps_pyrsistent/site-packages/pyrsistent/_field_common.py
enkit/../enkit_pip_deps_pyrsistent/site-packages/pyrsistent/_helpers.py
enkit/../enkit_pip_deps_pyrsistent/site-packages/pyrsistent/_immutable.py
enkit/../enkit_pip_deps_pyrsistent/site-packages/pyrsistent/_pbag.py
enkit/../enkit_pip_deps_pyrsistent/site-packages/pyrsistent/_pclass.py
enkit/../enkit_pip_deps_pyrsistent/site-packages/pyrsistent/_pdeque.py
enkit/../enkit_pip_deps_pyrsistent/site-packages/pyrsistent/_plist.py
enkit/../enkit_pip_deps_pyrsistent/site-packages/pyrsistent/_pmap.py
enkit/../enkit_pip_deps_pyrsistent/site-packages/pyrsistent/_precord.py
enkit/../enkit_pip_deps_pyrsistent/site-packages/pyrsistent/_pset.py
enkit/../enkit_pip_deps_pyrsistent/site-packages/pyrsistent/_pvector.py
enkit/../enkit_pip_deps_pyrsistent/site-packages/pyrsistent/_toolz.py
enkit/../enkit_pip_deps_pyrsistent/site-packages/pyrsistent/_transformations.py
enkit/../enkit_pip_deps_pyrsistent/site-packages/pyrsistent/typing.py
enkit/../enkit_pip_deps_attrs/site-packages/attr/__init__.pyi
enkit/../enkit_pip_deps_attrs/site-packages/attr/_cmp.pyi
enkit/../enkit_pip_deps_attrs/site-packages/attr/_typing_compat.pyi
enkit/../enkit_pip_deps_attrs/site-packages/attr/_version_info.pyi
enkit/../enkit_pip_deps_attrs/site-packages/attr/converters.pyi
enkit/../enkit_pip_deps_attrs/site-packages/attr/exceptions.pyi
enkit/../enkit_pip_deps_attrs/site-packages/attr/filters.pyi
enkit/../enkit_pip_deps_attrs/site-packages/attr/py.typed
enkit/../enkit_pip_deps_attrs/site-packages/attr/setters.pyi
enkit/../enkit_pip_deps_attrs/site-packages/attr/validators.pyi
enkit/../enkit_pip_deps_attrs/site-packages/attrs-22.2.0.dist-info/INSTALLER
enkit/../enkit_pip_deps_attrs/site-packages/attrs-22.2.0.dist-info/LICENSE
enkit/../enkit_pip_deps_attrs/site-packages/attrs-22.2.0.dist-info/METADATA
enkit/../enkit_pip_deps_attrs/site-packages/attrs-22.2.0.dist-info/WHEEL
enkit/../enkit_pip_deps_attrs/site-packages/attrs-22.2.0.dist-info/top_level.txt
enkit/../enkit_pip_deps_attrs/site-packages/attrs/__init__.pyi
enkit/../enkit_pip_deps_attrs/site-packages/attrs/py.typed
enkit/../enkit_pip_deps_importlib_resources/site-packages/importlib_resources-5.7.1.dist-info/INSTALLER
enkit/../enkit_pip_deps_importlib_resources/site-packages/importlib_resources-5.7.1.dist-info/LICENSE
enkit/../enkit_pip_deps_importlib_resources/site-packages/importlib_resources-5.7.1.dist-info/METADATA
enkit/../enkit_pip_deps_importlib_resources/site-packages/importlib_resources-5.7.1.dist-info/WHEEL
enkit/../enkit_pip_deps_importlib_resources/site-packages/importlib_resources-5.7.1.dist-info/top_level.txt
enkit/../enkit_pip_deps_importlib_resources/site-packages/importlib_resources/py.typed
enkit/../enkit_pip_deps_importlib_resources/site-packages/importlib_resources/tests/data01/binary.file
enkit/../enkit_pip_deps_importlib_resources/site-packages/importlib_resources/tests/data01/subdirectory/binary.file
enkit/../enkit_pip_deps_importlib_resources/site-packages/importlib_resources/tests/data01/utf-16.file
enkit/../enkit_pip_deps_importlib_resources/site-packages/importlib_resources/tests/data01/utf-8.file
enkit/../enkit_pip_deps_importlib_resources/site-packages/importlib_resources/tests/data02/one/resource1.txt
enkit/../enkit_pip_deps_importlib_resources/site-packages/importlib_resources/tests/data02/two/resource2.txt
enkit/../enkit_pip_deps_importlib_resources/site-packages/importlib_resources/tests/namespacedata01/binary.file
enkit/../enkit_pip_deps_importlib_resources/site-packages/importlib_resources/tests/namespacedata01/utf-16.file
enkit/../enkit_pip_deps_importlib_resources/site-packages/importlib_resources/tests/namespacedata01/utf-8.file
enkit/../enkit_pip_deps_importlib_resources/site-packages/importlib_resources/tests/zipdata01/ziptestdata.zip
enkit/../enkit_pip_deps_importlib_resources/site-packages/importlib_resources/tests/zipdata02/ziptestdata.zip
enkit/../enkit_pip_deps_zipp/site-packages/__init__.py
enkit/../enkit_pip_deps_zipp/site-packages/zipp.py
enkit/../enkit_pip_deps_zipp/site-packages/zipp-3.8.0.dist-info/INSTALLER
enkit/../enkit_pip_deps_zipp/site-packages/zipp-3.8.0.dist-info/LICENSE
enkit/../enkit_pip_deps_zipp/site-packages/zipp-3.8.0.dist-info/METADATA
enkit/../enkit_pip_deps_zipp/site-packages/zipp-3.8.0.dist-info/WHEEL
enkit/../enkit_pip_deps_zipp/site-packages/zipp-3.8.0.dist-info/top_level.txt
enkit/../enkit_pip_deps_pyrsistent/site-packages/pvectorc.cpython-38-x86_64-linux-gnu.so
enkit/../enkit_pip_deps_pyrsistent/site-packages/pyrsistent-0.18.1.dist-info/INSTALLER
enkit/../enkit_pip_deps_pyrsistent/site-packages/pyrsistent-0.18.1.dist-info/LICENSE.mit
enkit/../enkit_pip_deps_pyrsistent/site-packages/pyrsistent-0.18.1.dist-info/METADATA
enkit/../enkit_pip_deps_pyrsistent/site-packages/pyrsistent-0.18.1.dist-info/WHEEL
enkit/../enkit_pip_deps_pyrsistent/site-packages/pyrsistent-0.18.1.dist-info/top_level.txt
enkit/../enkit_pip_deps_pyrsistent/site-packages/pyrsistent/__init__.pyi
enkit/../enkit_pip_deps_pyrsistent/site-packages/pyrsistent/py.typed
enkit/../enkit_pip_deps_pyrsistent/site-packages/pyrsistent/typing.pyi
enkit/../enkit_pip_deps_jinja2/site-packages/Jinja2-3.1.1.dist-info/INSTALLER
enkit/../enkit_pip_deps_jinja2/site-packages/Jinja2-3.1.1.dist-info/LICENSE.rst
enkit/../enkit_pip_deps_jinja2/site-packages/Jinja2-3.1.1.dist-info/METADATA
enkit/../enkit_pip_deps_jinja2/site-packages/Jinja2-3.1.1.dist-info/WHEEL
enkit/../enkit_pip_deps_jinja2/site-packages/Jinja2-3.1.1.dist-info/entry_points.txt
enkit/../enkit_pip_deps_jinja2/site-packages/Jinja2-3.1.1.dist-info/top_level.txt
enkit/../enkit_pip_deps_jinja2/site-packages/jinja2/py.typed
enkit/../enkit_pip_deps_markupsafe/site-packages/MarkupSafe-2.1.1.dist-info/INSTALLER
enkit/../enkit_pip_deps_markupsafe/site-packages/MarkupSafe-2.1.1.dist-info/LICENSE.rst
enkit/../enkit_pip_deps_markupsafe/site-packages/MarkupSafe-2.1.1.dist-info/METADATA
enkit/../enkit_pip_deps_markupsafe/site-packages/MarkupSafe-2.1.1.dist-info/WHEEL
enkit/../enkit_pip_deps_markupsafe/site-packages/MarkupSafe-2.1.1.dist-info/top_level.txt
enkit/../enkit_pip_deps_markupsafe/site-packages/markupsafe/_speedups.c
enkit/../enkit_pip_deps_markupsafe/site-packages/markupsafe/_speedups.cpython-38-x86_64-linux-gnu.so
enkit/../enkit_pip_deps_markupsafe/site-packages/markupsafe/_speedups.pyi
enkit/../enkit_pip_deps_markupsafe/site-packages/markupsafe/py.typed
enkit/../enkit_pip_deps_jinja2_strcase/site-packages/jinja2_strcase-0.0.2.dist-info/INSTALLER
enkit/../enkit_pip_deps_jinja2_strcase/site-packages/jinja2_strcase-0.0.2.dist-info/LICENSE
enkit/../enkit_pip_deps_jinja2_strcase/site-packages/jinja2_strcase-0.0.2.dist-info/METADATA
enkit/../enkit_pip_deps_jinja2_strcase/site-packages/jinja2_strcase-0.0.2.dist-info/WHEEL
enkit/../enkit_pip_deps_jinja2_strcase/site-packages/jinja2_strcase-0.0.2.dist-info/top_level.txt
enkit/tools/codegen/tests/data.yaml
enkit/tools/codegen/tests/test.template
enkit/../com_google_googletest/googlemock/include/gmock/gmock-actions.h
enkit/../com_google_googletest/googlemock/include/gmock/gmock-cardinalities.h
enkit/../com_google_googletest/googlemock/include/gmock/gmock-function-mocker.h
enkit/../com_google_googletest/googlemock/include/gmock/gmock-matchers.h
enkit/../com_google_googletest/googlemock/include/gmock/gmock-more-actions.h
enkit/../com_google_googletest/googlemock/include/gmock/gmock-more-matchers.h
enkit/../com_google_googletest/googlemock/include/gmock/gmock-nice-strict.h
enkit/../com_google_googletest/googlemock/include/gmock/gmock-spec-builders.h
enkit/../com_google_googletest/googlemock/include/gmock/gmock.h
enkit/../com_google_googletest/googletest/include/gtest/gtest-assertion-result.h
enkit/../com_google_googletest/googletest/include/gtest/gtest-death-test.h
enkit/../com_google_googletest/googletest/include/gtest/gtest-matchers.h
enkit/../com_google_googletest/googletest/include/gtest/gtest-message.h
enkit/../com_google_googletest/googletest/include/gtest/gtest-param-test.h
enkit/../com_google_googletest/googletest/include/gtest/gtest-printers.h
enkit/../com_google_googletest/googletest/include/gtest/gtest-spi.h
enkit/../com_google_googletest/googletest/include/gtest/gtest-test-part.h
enkit/../com_google_googletest/googletest/include/gtest/gtest-typed-test.h
enkit/../com_google_googletest/googletest/include/gtest/gtest.h
enkit/../com_google_googletest/googletest/include/gtest/gtest_pred_impl.h
enkit/../com_google_googletest/googletest/include/gtest/gtest_prod.h
enkit/../com_google_googletest/googlemock/include/gmock/internal/custom/gmock-generated-actions.h
enkit/../com_google_googletest/googlemock/include/gmock/internal/custom/gmock-matchers.h
enkit/../com_google_googletest/googlemock/include/gmock/internal/custom/gmock-port.h
enkit/../com_google_googletest/googlemock/include/gmock/internal/gmock-internal-utils.h
enkit/../com_google_googletest/googlemock/include/gmock/internal/gmock-port.h
enkit/../com_google_googletest/googlemock/include/gmock/internal/gmock-pp.h
enkit/../com_google_googletest/googlemock/src/gmock-cardinalities.cc
enkit/../com_google_googletest/googlemock/src/gmock-internal-utils.cc
enkit/../com_google_googletest/googlemock/src/gmock-matchers.cc
enkit/../com_google_googletest/googlemock/src/gmock-spec-builders.cc
enkit/../com_google_googletest/googlemock/src/gmock.cc
enkit/../com_google_googletest/googletest/include/gtest/internal/custom/gtest-port.h
enkit/../com_google_googletest/googletest/include/gtest/internal/custom/gtest-printers.h
enkit/../com_google_googletest/googletest/include/gtest/internal/custom/gtest.h
enkit/../com_google_googletest/googletest/include/gtest/internal/gtest-death-test-internal.h
enkit/../com_google_googletest/googletest/include/gtest/internal/gtest-filepath.h
enkit/../com_google_googletest/googletest/include/gtest/internal/gtest-internal.h
enkit/../com_google_googletest/googletest/include/gtest/internal/gtest-param-util.h
enkit/../com_google_googletest/googletest/include/gtest/internal/gtest-port-arch.h
enkit/../com_google_googletest/googletest/include/gtest/internal/gtest-port.h
enkit/../com_google_googletest/googletest/include/gtest/internal/gtest-string.h
enkit/../com_google_googletest/googletest/include/gtest/internal/gtest-type-util.h
enkit/../com_google_googletest/googletest/src/gtest-assertion-result.cc
enkit/../com_google_googletest/googletest/src/gtest-death-test.cc
enkit/../com_google_googletest/googletest/src/gtest-filepath.cc
enkit/../com_google_googletest/googletest/src/gtest-internal-inl.h
enkit/../com_google_googletest/googletest/src/gtest-matchers.cc
enkit/../com_google_googletest/googletest/src/gtest-port.cc
enkit/../com_google_googletest/googletest/src/gtest-printers.cc
enkit/../com_google_googletest/googletest/src/gtest-test-part.cc
enkit/../com_google_googletest/googletest/src/gtest-typed-test.cc
enkit/../com_google_googletest/googletest/src/gtest.cc
enkit/bazel/utils/testdata/remote/hello-world.cc